/* Defined by : Eng. Mostafa Abuelnour Gaber */
/* Created Date : 2024-09-19 02:22 pm */
/* Last Update	: 2024-09-19 02:22 pm */

|| C:\ProgramData\IntelVS\GSHR\Analysis\Form_Design\FM32GB Work Status.txt
|| C:\ProgramData\IntelVS\GSHR\Analysis\Form_Design\Reports\Report Manager.txt

|| C:\ProgramData\IntelVS\HassounaAcademy\PythonDjango\projects\dcrm\Docs\dcrm.txt

$ cd C:\ProgramData\IntelVS\HassounaAcademy\Django – Code a CRM App\Projects
$ mkdir dcrm

$ cd dcrm

$ code .
vscode> Change Termainal type to Command Prompt

==> # python -m venv .\venv
==> # .\venv\Scripts\activate

$ pip install django

Create your Project
$ django-admin startproject dcrm



I need to make a project TruckBarCode as a back-end for mobile application TruckBarCode
|| C:\ProgramData\IntelVS\HassounaAcademy\PythonDjango\projects\dcrm\Docs\EFGTrkBrCod_LtSAP.txt

Create a superuser
$ python manage.py createsuperuser
	Username (leave blank to use 'mostafa.gaber'): mostnour
	Email address: eng_mostafa.gaber@yahoo.com
	Password: Ngs#1
	Password (again): Ngs#1


To Start your project:
$ python manage.py runserver

To Start your project with another port:
$ python manage.py runserver 8886

Version Control
|ref| C:\EGYPTFOODS\PHP\Laravel\Laravel and github.txt
|ref| C:\EGYPTFOODS\PHP\Laravel\github.txt

https://codemy.com/git
$ git config --global user.name "mostnour"
$ git config --global user.email "mostnour@yahoo.com"
$ git config --global push.default matching
$ git config --global alias.co checkout
$ git init

 
 
** Be sure to change the “Your Name” and “you@youraddress.com” in the first two commands to your actual name and your actual email address. I suggest you use the same email address that you plan to use at github.com later.

$ git add .
$ git commit -am 'Initial Commit'

|| Connect to your github.com -> user name -> Password
|| from Right icon select from menu {Your Repositories}
|| for the first use only -> click New button and type name Django CRM
	Public

	Create repository


$ C:\Program Files\Git\bin>ssh-agent -s

	unable to start ssh-agent service, error :1058
	https://stackoverflow.com/questions/52113738/starting-ssh-agent-on-windows-10-fails-unable-to-start-ssh-agent-service-erro

	You can check this by running in Windows PowerShell:

	Windows PowerShell
	Copyright (C) Microsoft Corporation. All rights reserved.

	Try the new cross-platform PowerShell https://aka.ms/pscore6

	PS C:\Users\mostafa.gaber> Get-Service ssh-agent

	Status   Name               DisplayName
	------   ----               -----------
	Stopped  ssh-agent          OpenSSH Authentication Agent


	$ Start Windows -> Run -> services.msc :
		- Search for "OpenSSH Authentication Agent"
		- Change Start Type to Automatically
		- Then Click on Button Start

$ ssh-keygen -t ed25519 -C "mostnour@yahoo.com"
$ cd  C:/Users/mostafa.gaber/.ssh/
$ ssh-add id_ed25519

$ cd C:\ProgramData\IntelVS\HassounaAcademy\Django – Code a CRM App\Projects\dcrm\.git
# Open git bash
$ cat config
	mostafa.gaber@MOSTAFA-GABER MINGW64 /c/ProgramData/IntelVS/HassounaAcademy/Django – Code a CRM App/Projects/dcrm/.git (GIT_DIR!)
	$ cat config
	[core]
			repositoryformatversion = 0
			filemode = false
			bare = false
			logallrefupdates = true
			ignorecase = true
	[remote "origin"]
			url = git@github.com:mostnour/Django-CRM.git
			fetch = +refs/heads/*:refs/remotes/origin/*

	mostafa.gaber@MOSTAFA-GABER MINGW64 /c/ProgramData/IntelVS/HassounaAcademy/Django – Code a CRM App/Projects/dcrm/.git (GIT_DIR!)
	$


$ ssh-add -T pubkey id_ed25519
$ git push -u origin main



ssh-agent -s
ssh-add C:/Users/mostafa.gaber/.ssh/id_rsa
			
cd  C:/Users/mostafa.gaber/.ssh/
ssh-add id_rsa
			
ssh-add id_ed25519

Check that you are connecting to the correct server
ssh -vT git@github.com
Always use the "git" user
$ ssh -T mostnour@github.com

	mostnour@github.com: Permission denied (publickey).
	* Adding a remote repository

	$ git remote add origin https://github.com/mostnour/Django-CRM.git
	# Set a new remote

	$ git remote -v
	# Verify new remote

git> eval "$(ssh-agent -s)"
git> ssh-add -l -E sha256
	The agent has no identities.
	1- $ ssh-keygen -t ed25519 -C "mostnour@yahoo.com"

	2- Browse https://github.com/settings/keys
	3- Open file C:\Users\mostafa.gaber\.ssh\id_ed25519.pub
	4- Copy file content in step No.3 .
	5- In step No.2 click on button "New SSH key".
	6- Add title to the "New SSH key".
	7- Paste what you copy in step No. 4 .
	8- Click on button "Add SSH key". 

$ git push -u origin main
Refresh your page https://github.com/mostnour/Django-CRM

All Done :)